// Jest Snapshot v1, https://goo.gl/fbAQLP

exports[`ArtistsList Component should render correctly 1`] = `ReactWrapper {}`;

exports[`Button Component should render correctly 1`] = `ReactWrapper {}`;
