// Jest Snapshot v1, https://goo.gl/fbAQLP

exports[`Button Component should render correctly 1`] = `ShallowWrapper {}`;

exports[`MyComponent should render correctly 1`] = `ShallowWrapper {}`;

exports[`MyComponent should render my component 1`] = `ShallowWrapper {}`;
